%!Adobe-FontList 1.20
%Locale:0x816

%BeginFont
Handler:DirectoryHandler
FontType:TrueType
FontName:IM_FELL_DW_Pica_Italic
FamilyName:IM FELL DW Pica
StyleName:Italic
FullName:IM FELL DW Pica Italic
MenuName:IM FELL DW Pica
StyleBits:1
WritingScript:Roman
OutlineFileName:C:\Users\Renas\DRIVE RENATACANDEIAS\gdtec\GDDOC\gddoc Folder\Document fonts\IMFellDWPica-Italic.ttf
DataFormat:sfntData
hasSVG:no
VariableFontType:NonVariableFont
FileLength:240468
FileModTime:1274050800
WeightClass:400
WidthClass:5
AngleClass:1
NameArray:0,Win,1,IM FELL DW Pica
%EndFont

%BeginFont
Handler:DirectoryHandler
FontType:TrueType
FontName:IM_FELL_DW_Pica_Roman
FamilyName:IM FELL DW Pica
StyleName:Regular
FullName:IM FELL DW Pica Roman
MenuName:IM FELL DW Pica
StyleBits:0
WritingScript:Roman
OutlineFileName:C:\Users\Renas\DRIVE RENATACANDEIAS\gdtec\GDDOC\gddoc Folder\Document fonts\IMFellDWPica-Regular.ttf
DataFormat:sfntData
hasSVG:no
VariableFontType:NonVariableFont
FileLength:212864
FileModTime:1274050800
WeightClass:400
WidthClass:5
AngleClass:0
NameArray:0,Win,1,IM FELL DW Pica
NameArray:0,Win,16,IM FELL DW Pica
%EndFont

%BeginFont
Handler:DirectoryHandler
FontType:TrueType
FontName:IM_FELL_DW_Pica_SC
FamilyName:IM FELL DW Pica SC
StyleName:Regular
FullName:IM FELL DW Pica SC
MenuName:IM FELL DW Pica SC
StyleBits:0
WritingScript:Roman
OutlineFileName:C:\Users\Renas\DRIVE RENATACANDEIAS\gdtec\GDDOC\gddoc Folder\Document fonts\IMFellDWPicaSC-Regular.ttf
DataFormat:sfntData
hasSVG:no
VariableFontType:NonVariableFont
FileLength:193900
FileModTime:1274050800
WeightClass:400
WidthClass:5
AngleClass:0
NameArray:0,Win,1,IM FELL DW Pica SC
NameArray:0,Win,16,IM FELL DW Pica SC
%EndFont

